/home/Tushar/experiment_and_learning_sandbox/learn_project_1/Src/syscall.c:48:6:ITM_SendChar	16	static
/home/Tushar/experiment_and_learning_sandbox/learn_project_1/Src/syscall.c:74:6:initialise_monitor_handles	4	static
/home/Tushar/experiment_and_learning_sandbox/learn_project_1/Src/syscall.c:78:5:_getpid	4	static
/home/Tushar/experiment_and_learning_sandbox/learn_project_1/Src/syscall.c:83:5:_kill	16	static
/home/Tushar/experiment_and_learning_sandbox/learn_project_1/Src/syscall.c:91:6:_exit	16	static
/home/Tushar/experiment_and_learning_sandbox/learn_project_1/Src/syscall.c:97:27:_read	32	static
/home/Tushar/experiment_and_learning_sandbox/learn_project_1/Src/syscall.c:111:27:_write	32	static
/home/Tushar/experiment_and_learning_sandbox/learn_project_1/Src/syscall.c:125:5:_close	16	static
/home/Tushar/experiment_and_learning_sandbox/learn_project_1/Src/syscall.c:132:5:_fstat	16	static
/home/Tushar/experiment_and_learning_sandbox/learn_project_1/Src/syscall.c:139:5:_isatty	16	static
/home/Tushar/experiment_and_learning_sandbox/learn_project_1/Src/syscall.c:145:5:_lseek	24	static
/home/Tushar/experiment_and_learning_sandbox/learn_project_1/Src/syscall.c:153:5:_open	12	static
/home/Tushar/experiment_and_learning_sandbox/learn_project_1/Src/syscall.c:161:5:_wait	16	static
/home/Tushar/experiment_and_learning_sandbox/learn_project_1/Src/syscall.c:168:5:_unlink	16	static
/home/Tushar/experiment_and_learning_sandbox/learn_project_1/Src/syscall.c:175:9:_times	16	static
/home/Tushar/experiment_and_learning_sandbox/learn_project_1/Src/syscall.c:181:5:_stat	16	static
/home/Tushar/experiment_and_learning_sandbox/learn_project_1/Src/syscall.c:188:5:_link	16	static
/home/Tushar/experiment_and_learning_sandbox/learn_project_1/Src/syscall.c:196:5:_fork	8	static
/home/Tushar/experiment_and_learning_sandbox/learn_project_1/Src/syscall.c:202:5:_execve	24	static
