Archive member included to satisfy reference by file (symbol)

/home/Tushar/.local/share/stm32cube/bundles/gnu-tools-for-stm32/14.3.1+st.2/bin/../lib/gcc/arm-none-eabi/14.3.1/../../../../arm-none-eabi/lib/thumb/v7e-m+fp/hard/libc.a(libc_a-exit.o)
                              /home/Tushar/.local/share/stm32cube/bundles/gnu-tools-for-stm32/14.3.1+st.2/bin/../lib/gcc/arm-none-eabi/14.3.1/../../../../arm-none-eabi/lib/thumb/v7e-m+fp/hard/crt0.o (exit)
/home/Tushar/.local/share/stm32cube/bundles/gnu-tools-for-stm32/14.3.1+st.2/bin/../lib/gcc/arm-none-eabi/14.3.1/../../../../arm-none-eabi/lib/thumb/v7e-m+fp/hard/libc.a(libc_a-findfp.o)
                              /home/Tushar/.local/share/stm32cube/bundles/gnu-tools-for-stm32/14.3.1+st.2/bin/../lib/gcc/arm-none-eabi/14.3.1/../../../../arm-none-eabi/lib/thumb/v7e-m+fp/hard/libc.a(libc_a-exit.o) (__stdio_exit_handler)
/home/Tushar/.local/share/stm32cube/bundles/gnu-tools-for-stm32/14.3.1+st.2/bin/../lib/gcc/arm-none-eabi/14.3.1/../../../../arm-none-eabi/lib/thumb/v7e-m+fp/hard/libc.a(libc_a-fwalk.o)
                              /home/Tushar/.local/share/stm32cube/bundles/gnu-tools-for-stm32/14.3.1+st.2/bin/../lib/gcc/arm-none-eabi/14.3.1/../../../../arm-none-eabi/lib/thumb/v7e-m+fp/hard/libc.a(libc_a-findfp.o) (_fwalk_sglue)
/home/Tushar/.local/share/stm32cube/bundles/gnu-tools-for-stm32/14.3.1+st.2/bin/../lib/gcc/arm-none-eabi/14.3.1/../../../../arm-none-eabi/lib/thumb/v7e-m+fp/hard/libc.a(libc_a-stdio.o)
                              /home/Tushar/.local/share/stm32cube/bundles/gnu-tools-for-stm32/14.3.1+st.2/bin/../lib/gcc/arm-none-eabi/14.3.1/../../../../arm-none-eabi/lib/thumb/v7e-m+fp/hard/libc.a(libc_a-findfp.o) (__sread)
/home/Tushar/.local/share/stm32cube/bundles/gnu-tools-for-stm32/14.3.1+st.2/bin/../lib/gcc/arm-none-eabi/14.3.1/../../../../arm-none-eabi/lib/thumb/v7e-m+fp/hard/libc.a(libc_a-memset.o)
                              /home/Tushar/.local/share/stm32cube/bundles/gnu-tools-for-stm32/14.3.1+st.2/bin/../lib/gcc/arm-none-eabi/14.3.1/../../../../arm-none-eabi/lib/thumb/v7e-m+fp/hard/crt0.o (memset)
/home/Tushar/.local/share/stm32cube/bundles/gnu-tools-for-stm32/14.3.1+st.2/bin/../lib/gcc/arm-none-eabi/14.3.1/../../../../arm-none-eabi/lib/thumb/v7e-m+fp/hard/libc.a(libc_a-closer.o)
                              /home/Tushar/.local/share/stm32cube/bundles/gnu-tools-for-stm32/14.3.1+st.2/bin/../lib/gcc/arm-none-eabi/14.3.1/../../../../arm-none-eabi/lib/thumb/v7e-m+fp/hard/libc.a(libc_a-stdio.o) (_close_r)
/home/Tushar/.local/share/stm32cube/bundles/gnu-tools-for-stm32/14.3.1+st.2/bin/../lib/gcc/arm-none-eabi/14.3.1/../../../../arm-none-eabi/lib/thumb/v7e-m+fp/hard/libc.a(libc_a-reent.o)
                              /home/Tushar/.local/share/stm32cube/bundles/gnu-tools-for-stm32/14.3.1+st.2/bin/../lib/gcc/arm-none-eabi/14.3.1/../../../../arm-none-eabi/lib/thumb/v7e-m+fp/hard/libc.a(libc_a-closer.o) (errno)
/home/Tushar/.local/share/stm32cube/bundles/gnu-tools-for-stm32/14.3.1+st.2/bin/../lib/gcc/arm-none-eabi/14.3.1/../../../../arm-none-eabi/lib/thumb/v7e-m+fp/hard/libc.a(libc_a-impure.o)
                              /home/Tushar/.local/share/stm32cube/bundles/gnu-tools-for-stm32/14.3.1+st.2/bin/../lib/gcc/arm-none-eabi/14.3.1/../../../../arm-none-eabi/lib/thumb/v7e-m+fp/hard/libc.a(libc_a-reent.o) (_impure_ptr)
/home/Tushar/.local/share/stm32cube/bundles/gnu-tools-for-stm32/14.3.1+st.2/bin/../lib/gcc/arm-none-eabi/14.3.1/../../../../arm-none-eabi/lib/thumb/v7e-m+fp/hard/libc.a(libc_a-lseekr.o)
                              /home/Tushar/.local/share/stm32cube/bundles/gnu-tools-for-stm32/14.3.1+st.2/bin/../lib/gcc/arm-none-eabi/14.3.1/../../../../arm-none-eabi/lib/thumb/v7e-m+fp/hard/libc.a(libc_a-stdio.o) (_lseek_r)
/home/Tushar/.local/share/stm32cube/bundles/gnu-tools-for-stm32/14.3.1+st.2/bin/../lib/gcc/arm-none-eabi/14.3.1/../../../../arm-none-eabi/lib/thumb/v7e-m+fp/hard/libc.a(libc_a-readr.o)
                              /home/Tushar/.local/share/stm32cube/bundles/gnu-tools-for-stm32/14.3.1+st.2/bin/../lib/gcc/arm-none-eabi/14.3.1/../../../../arm-none-eabi/lib/thumb/v7e-m+fp/hard/libc.a(libc_a-stdio.o) (_read_r)
/home/Tushar/.local/share/stm32cube/bundles/gnu-tools-for-stm32/14.3.1+st.2/bin/../lib/gcc/arm-none-eabi/14.3.1/../../../../arm-none-eabi/lib/thumb/v7e-m+fp/hard/libc.a(libc_a-writer.o)
                              /home/Tushar/.local/share/stm32cube/bundles/gnu-tools-for-stm32/14.3.1+st.2/bin/../lib/gcc/arm-none-eabi/14.3.1/../../../../arm-none-eabi/lib/thumb/v7e-m+fp/hard/libc.a(libc_a-stdio.o) (_write_r)
/home/Tushar/.local/share/stm32cube/bundles/gnu-tools-for-stm32/14.3.1+st.2/bin/../lib/gcc/arm-none-eabi/14.3.1/../../../../arm-none-eabi/lib/thumb/v7e-m+fp/hard/libc.a(libc_a-init.o)
                              /home/Tushar/.local/share/stm32cube/bundles/gnu-tools-for-stm32/14.3.1+st.2/bin/../lib/gcc/arm-none-eabi/14.3.1/../../../../arm-none-eabi/lib/thumb/v7e-m+fp/hard/crt0.o (__libc_init_array)
[...]
Memory Configuration

Name             Origin             Length             Attributes
RAM              0x20000000         0x00018000         xrw
FLASH            0x08000000         0x00080000         xr
*default*        0x00000000         0xffffffff

Linker script and memory map

LOAD /home/Tushar/.local/share/stm32cube/bundles/gnu-tools-for-stm32/14.3.1+st.2/bin/../lib/gcc/arm-none-eabi/14.3.1/thumb/v7e-m+fp/hard/crti.o
LOAD /home/Tushar/.local/share/stm32cube/bundles/gnu-tools-for-stm32/14.3.1+st.2/bin/../lib/gcc/arm-none-eabi/14.3.1/thumb/v7e-m+fp/hard/crtbegin.o
LOAD /home/Tushar/.local/share/stm32cube/bundles/gnu-tools-for-stm32/14.3.1+st.2/bin/../lib/gcc/arm-none-eabi/14.3.1/../../../../arm-none-eabi/lib/thumb/v7e-m+fp/hard/crt0.o
START GROUP
LOAD /home/Tushar/.local/share/stm32cube/bundles/gnu-tools-for-stm32/14.3.1+st.2/bin/../lib/gcc/arm-none-eabi/14.3.1/../../../../arm-none-eabi/lib/thumb/v7e-m+fp/hard/libc.a
LOAD /home/Tushar/.local/share/stm32cube/bundles/gnu-tools-for-stm32/14.3.1+st.2/bin/../lib/gcc/arm-none-eabi/14.3.1/../../../../arm-none-eabi/lib/thumb/v7e-m+fp/hard/libm.a
LOAD /home/Tushar/.local/share/stm32cube/bundles/gnu-tools-for-stm32/14.3.1+st.2/bin/../lib/gcc/arm-none-eabi/14.3.1/../../../../arm-none-eabi/lib/thumb/v7e-m+fp/hard/libstdc++.a
LOAD /home/Tushar/.local/share/stm32cube/bundles/gnu-tools-for-stm32/14.3.1+st.2/bin/../lib/gcc/arm-none-eabi/14.3.1/../../../../arm-none-eabi/lib/thumb/v7e-m+fp/hard/libsupc++.a
END GROUP
LOAD CMakeFiles/learn_project_1.dir/Src/syscall.c.obj
LOAD CMakeFiles/learn_project_1.dir/Src/sysmem.c.obj
LOAD CMakeFiles/learn_project_1.dir/Src/main.c.obj
LOAD CMakeFiles/learn_project_1.dir/Src/startup_stm32f401xx.S.obj
START GROUP
LOAD /home/Tushar/.local/share/stm32cube/bundles/gnu-tools-for-stm32/14.3.1+st.2/bin/../lib/gcc/arm-none-eabi/14.3.1/thumb/v7e-m+fp/hard/libgcc.a
LOAD /home/Tushar/.local/share/stm32cube/bundles/gnu-tools-for-stm32/14.3.1+st.2/bin/../lib/gcc/arm-none-eabi/14.3.1/../../../../arm-none-eabi/lib/thumb/v7e-m+fp/hard/libc.a
END GROUP
START GROUP
LOAD /home/Tushar/.local/share/stm32cube/bundles/gnu-tools-for-stm32/14.3.1+st.2/bin/../lib/gcc/arm-none-eabi/14.3.1/thumb/v7e-m+fp/hard/libgcc.a
LOAD /home/Tushar/.local/share/stm32cube/bundles/gnu-tools-for-stm32/14.3.1+st.2/bin/../lib/gcc/arm-none-eabi/14.3.1/../../../../arm-none-eabi/lib/thumb/v7e-m+fp/hard/libc.a
LOAD /home/Tushar/.local/share/stm32cube/bundles/gnu-tools-for-stm32/14.3.1+st.2/bin/../lib/gcc/arm-none-eabi/14.3.1/../../../../arm-none-eabi/lib/thumb/v7e-m+fp/hard/libnosys.a
END GROUP
LOAD /home/Tushar/.local/share/stm32cube/bundles/gnu-tools-for-stm32/14.3.1+st.2/bin/../lib/gcc/arm-none-eabi/14.3.1/thumb/v7e-m+fp/hard/crtend.o
LOAD /home/Tushar/.local/share/stm32cube/bundles/gnu-tools-for-stm32/14.3.1+st.2/bin/../lib/gcc/arm-none-eabi/14.3.1/thumb/v7e-m+fp/hard/crtn.o
                0x20018000                        _estack = (ORIGIN (RAM) + LENGTH (RAM))
                0x00000200                        _Min_Heap_Size = 0x200
                0x00000400                        _Min_Stack_Size = 0x400

.isr_vector     0x08000000      0x194
                0x08000000                        . = ALIGN (0x4)
 *(.isr_vector)
 .isr_vector    0x08000000      0x194 CMakeFiles/learn_project_1.dir/Src/startup_stm32f401xx.S.obj
                0x08000000                g_pfnVectors
                0x08000194                        . = ALIGN (0x4)

.text           0x080001c0     0x1f24
                0x080001c0                        . = ALIGN (0x4)
 *(.text)
 .text          0x080001c0       0x40 /home/Tushar/.local/share/stm32cube/bundles/gnu-tools-for-stm32/14.3.1+st.2/bin/../lib/gcc/arm-none-eabi/14.3.1/thumb/v7e-m+fp/hard/crtbegin.o
 .text          0x08000200       0xd8 /home/Tushar/.local/share/stm32cube/bundles/gnu-tools-for-stm32/14.3.1+st.2/bin/../lib/gcc/arm-none-eabi/14.3.1/../../../../arm-none-eabi/lib/thumb/v7e-m+fp/hard/libc.a(libc_a-strlen.o)
                0x08000200                strlen
 *fill*         0x080002d8        0x8 
 .text          0x080002e0       0xa0 /home/Tushar/.local/share/stm32cube/bundles/gnu-tools-for-stm32/14.3.1+st.2/bin/../lib/gcc/arm-none-eabi/14.3.1/../../../../arm-none-eabi/lib/thumb/v7e-m+fp/hard/libc.a(libc_a-memchr.o)
                0x080002e0                memchr
 .text          0x08000380      0x134 /home/Tushar/.local/share/stm32cube/bundles/gnu-tools-for-stm32/14.3.1+st.2/bin/../lib/gcc/arm-none-eabi/14.3.1/../../../../arm-none-eabi/lib/thumb/v7e-m+fp/hard/libc.a(libc_a-memcpy.o)
                0x08000380                memcpy
 *(.text*)
 .text.stdio_exit_handler
                0x080004b4       0x18 /home/Tushar/.local/share/stm32cube/bundles/gnu-tools-for-stm32/14.3.1+st.2/bin/../lib/gcc/arm-none-eabi/14.3.1/../../../../arm-none-eabi/lib/thumb/v7e-m+fp/hard/libc.a(libc_a-findfp.o)
 .text.cleanup_stdio
                0x080004cc       0x40 /home/Tushar/.local/share/stm32cube/bundles/gnu-tools-for-stm32/14.3.1+st.2/bin/../lib/gcc/arm-none-eabi/14.3.1/../../../../arm-none-eabi/lib/thumb/v7e-m+fp/hard/libc.a(libc_a-findfp.o)
 .text.global_stdio_init.part.0
                0x0800050c       0xf0 /home/Tushar/.local/share/stm32cube/bundles/gnu-tools-for-stm32/14.3.1+st.2/bin/../lib/gcc/arm-none-eabi/14.3.1/../../../../arm-none-eabi/lib/thumb/v7e-m+fp/hard/libc.a(libc_a-findfp.o)
 .text.__sinit  0x080005fc       0x3c /home/Tushar/.local/share/stm32cube/bundles/gnu-tools-for-stm32/14.3.1+st.2/bin/../lib/gcc/arm-none-eabi/14.3.1/../../../../arm-none-eabi/lib/thumb/v7e-m+fp/hard/libc.a(libc_a-findfp.o)
                0x080005fc                __sinit
 .text.__sfp_lock_acquire
                0x08000638        0xc /home/Tushar/.local/share/stm32cube/bundles/gnu-tools-for-stm32/14.3.1+st.2/bin/../lib/gcc/arm-none-eabi/14.3.1/../../../../arm-none-eabi/lib/thumb/v7e-m+fp/hard/libc.a(libc_a-findfp.o)
                0x08000638                __sfp_lock_acquire
 .text.__sfp_lock_release
                0x08000644        0xc /home/Tushar/.local/share/stm32cube/bundles/gnu-tools-for-stm32/14.3.1+st.2/bin/../lib/gcc/arm-none-eabi/14.3.1/../../../../arm-none-eabi/lib/thumb/v7e-m+fp/hard/libc.a(libc_a-findfp.o)
                0x08000644                __sfp_lock_release
 .text._fwalk_sglue
                0x08000650       0x44 /home/Tushar/.local/share/stm32cube/bundles/gnu-tools-for-stm32/14.3.1+st.2/bin/../lib/gcc/arm-none-eabi/14.3.1/../../../../arm-none-eabi/lib/thumb/v7e-m+fp/hard/libc.a(libc_a-fwalk.o)
                0x08000650                _fwalk_sglue
 .text.__sread  0x08000694       0x24 /home/Tushar/.local/share/stm32cube/bundles/gnu-tools-for-stm32/14.3.1+st.2/bin/../lib/gcc/arm-none-eabi/14.3.1/../../../../arm-none-eabi/lib/thumb/v7e-m+fp/hard/libc.a(libc_a-stdio.o)
                0x08000694                __sread
 .text.__swrite
                0x080006b8       0x40 /home/Tushar/.local/share/stm32cube/bundles/gnu-tools-for-stm32/14.3.1+st.2/bin/../lib/gcc/arm-none-eabi/14.3.1/../../../../arm-none-eabi/lib/thumb/v7e-m+fp/hard/libc.a(libc_a-stdio.o)
                0x080006b8                __swrite
 .text.__sseek  0x080006f8       0x24 /home/Tushar/.local/share/stm32cube/bundles/gnu-tools-for-stm32/14.3.1+st.2/bin/../lib/gcc/arm-none-eabi/14.3.1/../../../../arm-none-eabi/lib/thumb/v7e-m+fp/hard/libc.a(libc_a-stdio.o)
                0x080006f8                __sseek
 .text.__sclose
                0x0800071c        0x8 /home/Tushar/.local/share/stm32cube/bundles/gnu-tools-for-stm32/14.3.1+st.2/bin/../lib/gcc/arm-none-eabi/14.3.1/../../../../arm-none-eabi/lib/thumb/v7e-m+fp/hard/libc.a(libc_a-stdio.o)
                0x0800071c                __sclose
 .text.memset   0x08000724       0x9c /home/Tushar/.local/share/stm32cube/bundles/gnu-tools-for-stm32/14.3.1+st.2/bin/../lib/gcc/arm-none-eabi/14.3.1/../../../../arm-none-eabi/lib/thumb/v7e-m+fp/hard/libc.a(libc_a-memset.o)
                0x08000724                memset
 .text._close_r
                0x080007c0       0x24 /home/Tushar/.local/share/stm32cube/bundles/gnu-tools-for-stm32/14.3.1+st.2/bin/../lib/gcc/arm-none-eabi/14.3.1/../../../../arm-none-eabi/lib/thumb/v7e-m+fp/hard/libc.a(libc_a-closer.o)
                0x080007c0                _close_r
 .text._lseek_r
                0x080007e4       0x2c /home/Tushar/.local/share/stm32cube/bundles/gnu-tools-for-stm32/14.3.1+st.2/bin/../lib/gcc/arm-none-eabi/14.3.1/../../../../arm-none-eabi/lib/thumb/v7e-m+fp/hard/libc.a(libc_a-lseekr.o)
                0x080007e4                _lseek_r
 .text._read_r  0x08000810       0x2c /home/Tushar/.local/share/stm32cube/bundles/gnu-tools-for-stm32/14.3.1+st.2/bin/../lib/gcc/arm-none-eabi/14.3.1/../../../../arm-none-eabi/lib/thumb/v7e-m+fp/hard/libc.a(libc_a-readr.o)
                0x08000810                _read_r
 .text._write_r
                0x0800083c       0x2c /home/Tushar/.local/share/stm32cube/bundles/gnu-tools-for-stm32/14.3.1+st.2/bin/../lib/gcc/arm-none-eabi/14.3.1/../../../../arm-none-eabi/lib/thumb/v7e-m+fp/hard/libc.a(libc_a-writer.o)
                0x0800083c                _write_r
 .text.__libc_init_array
                0x08000868       0x50 /home/Tushar/.local/share/stm32cube/bundles/gnu-tools-for-stm32/14.3.1+st.2/bin/../lib/gcc/arm-none-eabi/14.3.1/../../../../arm-none-eabi/lib/thumb/v7e-m+fp/hard/libc.a(libc_a-init.o)
                0x08000868                __libc_init_array
 .text.__retarget_lock_init_recursive
                0x080008b8        0x4 /home/Tushar/.local/share/stm32cube/bundles/gnu-tools-for-stm32/14.3.1+st.2/bin/../lib/gcc/arm-none-eabi/14.3.1/../../../../arm-none-eabi/lib/thumb/v7e-m+fp/hard/libc.a(libc_a-lock.o)
                0x080008b8                __retarget_lock_init_recursive
 .text.__retarget_lock_close_recursive
                0x080008bc        0x4 /home/Tushar/.local/share/stm32cube/bundles/gnu-tools-for-stm32/14.3.1+st.2/bin/../lib/gcc/arm-none-eabi/14.3.1/../../../../arm-none-eabi/lib/thumb/v7e-m+fp/hard/libc.a(libc_a-lock.o)
                0x080008bc                __retarget_lock_close_recursive
 .text.__retarget_lock_acquire_recursive
                0x080008c0        0x4 /home/Tushar/.local/share/stm32cube/bundles/gnu-tools-for-stm32/14.3.1+st.2/bin/../lib/gcc/arm-none-eabi/14.3.1/../../../../arm-none-eabi/lib/thumb/v7e-m+fp/hard/libc.a(libc_a-lock.o)
                0x080008c0                __retarget_lock_acquire_recursive
 .text.__retarget_lock_release_recursive
                0x080008c4        0x4 /home/Tushar/.local/share/stm32cube/bundles/gnu-tools-for-stm32/14.3.1+st.2/bin/../lib/gcc/arm-none-eabi/14.3.1/../../../../arm-none-eabi/lib/thumb/v7e-m+fp/hard/libc.a(libc_a-lock.o)
                0x080008c4                __retarget_lock_release_recursive
 .text.startup.register_fini
                0x080008c8       0x14 /home/Tushar/.local/share/stm32cube/bundles/gnu-tools-for-stm32/14.3.1+st.2/bin/../lib/gcc/arm-none-eabi/14.3.1/../../../../arm-none-eabi/lib/thumb/v7e-m+fp/hard/libc.a(libc_a-__call_atexit.o)
 .text.atexit   0x080008dc        0xc /home/Tushar/.local/share/stm32cube/bundles/gnu-tools-for-stm32/14.3.1+st.2/bin/../lib/gcc/arm-none-eabi/14.3.1/../../../../arm-none-eabi/lib/thumb/v7e-m+fp/hard/libc.a(libc_a-atexit.o)
                0x080008dc                atexit
 .text._malloc_trim_r
                0x080008e8       0xb8 /home/Tushar/.local/share/stm32cube/bundles/gnu-tools-for-stm32/14.3.1+st.2/bin/../lib/gcc/arm-none-eabi/14.3.1/../../../../arm-none-eabi/lib/thumb/v7e-m+fp/hard/libc.a(libc_a-freer.o)
                0x080008e8                _malloc_trim_r
 .text._free_r  0x080009a0      0x1f0 /home/Tushar/.local/share/stm32cube/bundles/gnu-tools-for-stm32/14.3.1+st.2/bin/../lib/gcc/arm-none-eabi/14.3.1/../../../../arm-none-eabi/lib/thumb/v7e-m+fp/hard/libc.a(libc_a-freer.o)
                0x080009a0                _free_r
 .text._malloc_r
                0x08000b90      0x598 /home/Tushar/.local/share/stm32cube/bundles/gnu-tools-for-stm32/14.3.1+st.2/bin/../lib/gcc/arm-none-eabi/14.3.1/../../../../arm-none-eabi/lib/thumb/v7e-m+fp/hard/libc.a(libc_a-mallocr.o)
                0x08000b90                _malloc_r
 .text.__malloc_lock
                0x08001128        0xc /home/Tushar/.local/share/stm32cube/bundles/gnu-tools-for-stm32/14.3.1+st.2/bin/../lib/gcc/arm-none-eabi/14.3.1/../../../../arm-none-eabi/lib/thumb/v7e-m+fp/hard/libc.a(libc_a-mlock.o)
                0x08001128                __malloc_lock
 .text.__malloc_unlock
                0x08001134        0xc /home/Tushar/.local/share/stm32cube/bundles/gnu-tools-for-stm32/14.3.1+st.2/bin/../lib/gcc/arm-none-eabi/14.3.1/../../../../arm-none-eabi/lib/thumb/v7e-m+fp/hard/libc.a(libc_a-mlock.o)
                0x08001134                __malloc_unlock
 .text._fclose_r
                0x08001140       0xc0 /home/Tushar/.local/share/stm32cube/bundles/gnu-tools-for-stm32/14.3.1+st.2/bin/../lib/gcc/arm-none-eabi/14.3.1/../../../../arm-none-eabi/lib/thumb/v7e-m+fp/hard/libc.a(libc_a-fclose.o)
                0x08001140                _fclose_r
 .text.__sflush_r
                0x08001200      0x138 /home/Tushar/.local/share/stm32cube/bundles/gnu-tools-for-stm32/14.3.1+st.2/bin/../lib/gcc/arm-none-eabi/14.3.1/../../../../arm-none-eabi/lib/thumb/v7e-m+fp/hard/libc.a(libc_a-fflush.o)
                0x08001200                __sflush_r
 .text._fflush_r
                0x08001338       0x54 /home/Tushar/.local/share/stm32cube/bundles/gnu-tools-for-stm32/14.3.1+st.2/bin/../lib/gcc/arm-none-eabi/14.3.1/../../../../arm-none-eabi/lib/thumb/v7e-m+fp/hard/libc.a(libc_a-fflush.o)
                0x08001338                _fflush_r
 .text._sbrk_r  0x0800138c       0x24 /home/Tushar/.local/share/stm32cube/bundles/gnu-tools-for-stm32/14.3.1+st.2/bin/../lib/gcc/arm-none-eabi/14.3.1/../../../../arm-none-eabi/lib/thumb/v7e-m+fp/hard/libc.a(libc_a-sbrkr.o)
                0x0800138c                _sbrk_r
 .text.__libc_fini_array
                0x080013b0       0x28 /home/Tushar/.local/share/stm32cube/bundles/gnu-tools-for-stm32/14.3.1+st.2/bin/../lib/gcc/arm-none-eabi/14.3.1/../../../../arm-none-eabi/lib/thumb/v7e-m+fp/hard/libc.a(libc_a-fini.o)
                0x080013b0                __libc_fini_array
 .text.sysconf  0x080013d8       0x1c /home/Tushar/.local/share/stm32cube/bundles/gnu-tools-for-stm32/14.3.1+st.2/bin/../lib/gcc/arm-none-eabi/14.3.1/../../../../arm-none-eabi/lib/thumb/v7e-m+fp/hard/libc.a(libc_a-sysconf.o)
                0x080013d8                sysconf
 .text.__register_exitproc
                0x080013f4       0x80 /home/Tushar/.local/share/stm32cube/bundles/gnu-tools-for-stm32/14.3.1+st.2/bin/../lib/gcc/arm-none-eabi/14.3.1/../../../../arm-none-eabi/lib/thumb/v7e-m+fp/hard/libc.a(libc_a-__atexit.o)
                0x080013f4                __register_exitproc
 .text.__errno  0x08001474        0xc /home/Tushar/.local/share/stm32cube/bundles/gnu-tools-for-stm32/14.3.1+st.2/bin/../lib/gcc/arm-none-eabi/14.3.1/../../../../arm-none-eabi/lib/thumb/v7e-m+fp/hard/libc.a(libc_a-errno.o)
                0x08001474                __errno
 .text.ITM_SendChar
                0x08001480       0x50 CMakeFiles/learn_project_1.dir/Src/syscall.c.obj
                0x08001480                ITM_SendChar
 .text._read    0x080014d0       0x3a CMakeFiles/learn_project_1.dir/Src/syscall.c.obj
                0x080014d0                _read
 .text._write   0x0800150a       0x38 CMakeFiles/learn_project_1.dir/Src/syscall.c.obj
                0x0800150a                _write
 .text._close   0x08001542       0x18 CMakeFiles/learn_project_1.dir/Src/syscall.c.obj
                0x08001542                _close
 .text._fstat   0x0800155a       0x20 CMakeFiles/learn_project_1.dir/Src/syscall.c.obj
                0x0800155a                _fstat
 .text._isatty  0x0800157a       0x16 CMakeFiles/learn_project_1.dir/Src/syscall.c.obj
                0x0800157a                _isatty
 .text._lseek   0x08001590       0x1a CMakeFiles/learn_project_1.dir/Src/syscall.c.obj
                0x08001590                _lseek
 *fill*         0x080015aa        0x2 
 .text._sbrk    0x080015ac       0x6c CMakeFiles/learn_project_1.dir/Src/sysmem.c.obj
                0x080015ac                _sbrk
 .text.main     0x08001618       0x14 CMakeFiles/learn_project_1.dir/Src/main.c.obj
                0x08001618                main
 .text.Reset_Handler
                0x0800162c       0x50 CMakeFiles/learn_project_1.dir/Src/startup_stm32f401xx.S.obj
                0x0800162c                Reset_Handler
 .text.Default_Handler
                0x0800167c        0x2 CMakeFiles/learn_project_1.dir/Src/startup_stm32f401xx.S.obj
                0x0800167c                EXTI2_IRQHandler
                0x0800167c                DebugMon_Handler
                0x0800167c                SPI4_IRQHandler
                0x0800167c                TIM1_CC_IRQHandler
                0x0800167c                DMA2_Stream5_IRQHandler
                0x0800167c                HardFault_Handler
                0x0800167c                DMA1_Stream5_IRQHandler
                0x0800167c                SysTick_Handler
                0x0800167c                SDIO_IRQHandler
                0x0800167c                TAMP_STAMP_IRQHandler
                0x0800167c                PendSV_Handler
                0x0800167c                NMI_Handler
                0x0800167c                EXTI3_IRQHandler
                0x0800167c                TIM1_UP_TIM10_IRQHandler
                0x0800167c                I2C3_ER_IRQHandler
                0x0800167c                EXTI18_OTG_FS_WKUP_IRQHandler
                0x0800167c                EXTI0_IRQHandler
                0x0800167c                I2C2_EV_IRQHandler
                0x0800167c                DMA1_Stream2_IRQHandler
                0x0800167c                UsageFault_Handler
                0x0800167c                DMA2_Stream2_IRQHandler
                0x0800167c                SPI1_IRQHandler
                0x0800167c                TIM1_BRK_TIM9_IRQHandler
                0x0800167c                DMA2_Stream3_IRQHandler
                0x0800167c                USART6_IRQHandler
                0x0800167c                DMA2_Stream0_IRQHandler
                0x0800167c                TIM4_IRQHandler
                0x0800167c                I2C1_EV_IRQHandler
                0x0800167c                DMA1_Stream6_IRQHandler
                0x0800167c                DMA1_Stream1_IRQHandler
                0x0800167c                TIM3_IRQHandler
                0x0800167c                RCC_IRQHandler
                0x0800167c                Default_Handler
                0x0800167c                EXTI15_10_IRQHandler
                0x0800167c                ADC_IRQHandler
                0x0800167c                DMA1_Stream7_IRQHandler
                0x0800167c                TIM5_IRQHandler
                0x0800167c                DMA2_Stream7_IRQHandler
                0x0800167c                I2C3_EV_IRQHandler
                0x0800167c                EXTI9_5_IRQHandler
                0x0800167c                SPI2_IRQHandler
                0x0800167c                MemManage_Handler
                0x0800167c                DMA1_Stream0_IRQHandler
                0x0800167c                SVC_Handler
                0x0800167c                EXTI4_IRQHandler
                0x0800167c                EXTI22_RTC_WKUP_IRQHandler
                0x0800167c                TIM2_IRQHandler
                0x0800167c                EXTI16_PVD_IRQHandler
                0x0800167c                TIM1_TRG_COM_TIM11_IRQHandler
                0x0800167c                EXTI1_IRQHandler
                0x0800167c                EXTI17_RTC_Alarm_IRQHandler
                0x0800167c                USART2_IRQHandler
                0x0800167c                I2C2_ER_IRQHandler
                0x0800167c                DMA2_Stream1_IRQHandler
                0x0800167c                FLASH_IRQHandler
                0x0800167c                DMA2_Stream4_IRQHandler
                0x0800167c                BusFault_Handler
                0x0800167c                USART1_IRQHandler
                0x0800167c                OTG_FS_IRQHandler
                0x0800167c                SPI3_IRQHandler
                0x0800167c                DMA1_Stream4_IRQHandler
                0x0800167c                I2C1_ER_IRQHandler
                0x0800167c                DMA2_Stream6_IRQHandler
                0x0800167c                DMA1_Stream3_IRQHandler
 *fill*         0x0800167e        0x2 
 .text._puts_r  0x08001680       0xbc /home/Tushar/.local/share/stm32cube/bundles/gnu-tools-for-stm32/14.3.1+st.2/bin/../lib/gcc/arm-none-eabi/14.3.1/../../../../arm-none-eabi/lib/thumb/v7e-m+fp/hard/libc.a(libc_a-puts.o)
                0x08001680                _puts_r
 .text.puts     0x0800173c       0x10 /home/Tushar/.local/share/stm32cube/bundles/gnu-tools-for-stm32/14.3.1+st.2/bin/../lib/gcc/arm-none-eabi/14.3.1/../../../../arm-none-eabi/lib/thumb/v7e-m+fp/hard/libc.a(libc_a-puts.o)
                0x0800173c                puts
 .text.__sfvwrite_r
                0x0800174c      0x2ec /home/Tushar/.local/share/stm32cube/bundles/gnu-tools-for-stm32/14.3.1+st.2/bin/../lib/gcc/arm-none-eabi/14.3.1/../../../../arm-none-eabi/lib/thumb/v7e-m+fp/hard/libc.a(libc_a-fvwrite.o)
                0x0800174c                __sfvwrite_r
 .text.__swsetup_r
                0x08001a38       0xfc /home/Tushar/.local/share/stm32cube/bundles/gnu-tools-for-stm32/14.3.1+st.2/bin/../lib/gcc/arm-none-eabi/14.3.1/../../../../arm-none-eabi/lib/thumb/v7e-m+fp/hard/libc.a(libc_a-wsetup.o)
                0x08001a38                __swsetup_r
 .text.memmove  0x08001b34      0x130 /home/Tushar/.local/share/stm32cube/bundles/gnu-tools-for-stm32/14.3.1+st.2/bin/../lib/gcc/arm-none-eabi/14.3.1/../../../../arm-none-eabi/lib/thumb/v7e-m+fp/hard/libc.a(libc_a-memmove.o)
                0x08001b34                memmove
 .text._realloc_r
                0x08001c64      0x348 /home/Tushar/.local/share/stm32cube/bundles/gnu-tools-for-stm32/14.3.1+st.2/bin/../lib/gcc/arm-none-eabi/14.3.1/../../../../arm-none-eabi/lib/thumb/v7e-m+fp/hard/libc.a(libc_a-reallocr.o)
                0x08001c64                _realloc_r
 .text.__smakebuf_r
                0x08001fac       0xd0 /home/Tushar/.local/share/stm32cube/bundles/gnu-tools-for-stm32/14.3.1+st.2/bin/../lib/gcc/arm-none-eabi/14.3.1/../../../../arm-none-eabi/lib/thumb/v7e-m+fp/hard/libc.a(libc_a-makebuf.o)
                0x08001fac                __smakebuf_r
 .text._fstat_r
                0x0800207c       0x2c /home/Tushar/.local/share/stm32cube/bundles/gnu-tools-for-stm32/14.3.1+st.2/bin/../lib/gcc/arm-none-eabi/14.3.1/../../../../arm-none-eabi/lib/thumb/v7e-m+fp/hard/libc.a(libc_a-fstatr.o)
                0x0800207c                _fstat_r
 .text._isatty_r
                0x080020a8       0x24 /home/Tushar/.local/share/stm32cube/bundles/gnu-tools-for-stm32/14.3.1+st.2/bin/../lib/gcc/arm-none-eabi/14.3.1/../../../../arm-none-eabi/lib/thumb/v7e-m+fp/hard/libc.a(libc_a-isattyr.o)
                0x080020a8                _isatty_r
 *(.glue_7)
 .glue_7        0x080020cc        0x0 linker stubs
 *(.glue_7t)
 .glue_7t       0x080020cc        0x0 linker stubs
 *(.eh_frame)
 .eh_frame      0x080020cc        0x0 /home/Tushar/.local/share/stm32cube/bundles/gnu-tools-for-stm32/14.3.1+st.2/bin/../lib/gcc/arm-none-eabi/14.3.1/thumb/v7e-m+fp/hard/crtbegin.o
 *(.init)
 .init          0x080020cc        0x4 /home/Tushar/.local/share/stm32cube/bundles/gnu-tools-for-stm32/14.3.1+st.2/bin/../lib/gcc/arm-none-eabi/14.3.1/thumb/v7e-m+fp/hard/crti.o
                0x080020cc                _init
 .init          0x080020d0        0x8 /home/Tushar/.local/share/stm32cube/bundles/gnu-tools-for-stm32/14.3.1+st.2/bin/../lib/gcc/arm-none-eabi/14.3.1/thumb/v7e-m+fp/hard/crtn.o
 *(.fini)
 .fini          0x080020d8        0x4 /home/Tushar/.local/share/stm32cube/bundles/gnu-tools-for-stm32/14.3.1+st.2/bin/../lib/gcc/arm-none-eabi/14.3.1/thumb/v7e-m+fp/hard/crti.o
                0x080020d8                _fini
 .fini          0x080020dc        0x8 /home/Tushar/.local/share/stm32cube/bundles/gnu-tools-for-stm32/14.3.1+st.2/bin/../lib/gcc/arm-none-eabi/14.3.1/thumb/v7e-m+fp/hard/crtn.o
                0x080020e4                        . = ALIGN (0x4)
                0x080020e4                        _etext = .

.vfp11_veneer   0x080020e4        0x0
 .vfp11_veneer  0x080020e4        0x0 linker stubs

.v4_bx          0x080020e4        0x0
 .v4_bx         0x080020e4        0x0 linker stubs

.iplt           0x080020e4        0x0
 .iplt          0x080020e4        0x0 /home/Tushar/.local/share/stm32cube/bundles/gnu-tools-for-stm32/14.3.1+st.2/bin/../lib/gcc/arm-none-eabi/14.3.1/thumb/v7e-m+fp/hard/crtbegin.o

.rodata         0x080020e4       0x10
                0x080020e4                        . = ALIGN (0x4)
 *(.rodata)
 .rodata        0x080020e4        0xc CMakeFiles/learn_project_1.dir/Src/main.c.obj
 *(.rodata*)
 .rodata._puts_r.str1.4
                0x080020f0        0x2 /home/Tushar/.local/share/stm32cube/bundles/gnu-tools-for-stm32/14.3.1+st.2/bin/../lib/gcc/arm-none-eabi/14.3.1/../../../../arm-none-eabi/lib/thumb/v7e-m+fp/hard/libc.a(libc_a-puts.o)
                0x080020f4                        . = ALIGN (0x4)
 *fill*         0x080020f2        0x2 

.ARM.extab      0x080020f4        0x0
                0x080020f4                        . = ALIGN (0x4)
 *(.ARM.extab* .gnu.linkonce.armextab.*)
                0x080020f4                        . = ALIGN (0x4)

.ARM            0x080020f4        0x8
                0x080020f4                        . = ALIGN (0x4)
                0x080020f4                        __exidx_start = .
 *(.ARM.exidx*)
 .ARM.exidx     0x080020f4        0x8 /home/Tushar/.local/share/stm32cube/bundles/gnu-tools-for-stm32/14.3.1+st.2/bin/../lib/gcc/arm-none-eabi/14.3.1/../../../../arm-none-eabi/lib/thumb/v7e-m+fp/hard/libc.a(libc_a-strlen.o)
 .ARM.exidx     0x080020fc        0x0 /home/Tushar/.local/share/stm32cube/bundles/gnu-tools-for-stm32/14.3.1+st.2/bin/../lib/gcc/arm-none-eabi/14.3.1/../../../../arm-none-eabi/lib/thumb/v7e-m+fp/hard/libc.a(libc_a-memchr.o)
                                  0x8 (size before relaxing)
 .ARM.exidx     0x080020fc        0x0 /home/Tushar/.local/share/stm32cube/bundles/gnu-tools-for-stm32/14.3.1+st.2/bin/../lib/gcc/arm-none-eabi/14.3.1/../../../../arm-none-eabi/lib/thumb/v7e-m+fp/hard/libc.a(libc_a-memcpy.o)
                                  0x8 (size before relaxing)
                0x080020fc                        __exidx_end = .
                0x080020fc                        . = ALIGN (0x4)

.preinit_array  0x080020fc        0x0
                0x080020fc                        . = ALIGN (0x4)
                0x080020fc                        PROVIDE (__preinit_array_start = .)
 *(.preinit_array*)
                0x080020fc                        PROVIDE (__preinit_array_end = .)
                0x080020fc                        . = ALIGN (0x4)

.init_array     0x080020fc        0x8
                0x080020fc                        . = ALIGN (0x4)
                0x080020fc                        PROVIDE (__init_array_start = .)
 *(SORT_BY_NAME(.init_array.*))
 .init_array.00000
                0x080020fc        0x4 /home/Tushar/.local/share/stm32cube/bundles/gnu-tools-for-stm32/14.3.1+st.2/bin/../lib/gcc/arm-none-eabi/14.3.1/../../../../arm-none-eabi/lib/thumb/v7e-m+fp/hard/libc.a(libc_a-__call_atexit.o)
 *(.init_array*)
 .init_array    0x08002100        0x4 /home/Tushar/.local/share/stm32cube/bundles/gnu-tools-for-stm32/14.3.1+st.2/bin/../lib/gcc/arm-none-eabi/14.3.1/thumb/v7e-m+fp/hard/crtbegin.o
                0x08002104                        PROVIDE (__init_array_end = .)
                0x08002104                        . = ALIGN (0x4)

.fini_array     0x08002104        0x4
                0x08002104                        . = ALIGN (0x4)
                0x08002104                        PROVIDE (__fini_array_start = .)
 *(SORT_BY_NAME(.fini_array.*))
 *(.fini_array*)
 .fini_array    0x08002104        0x4 /home/Tushar/.local/share/stm32cube/bundles/gnu-tools-for-stm32/14.3.1+st.2/bin/../lib/gcc/arm-none-eabi/14.3.1/thumb/v7e-m+fp/hard/crtbegin.o
                0x08002108                        PROVIDE (__fini_array_end = .)
                0x08002108                        . = ALIGN (0x4)
                0x08002108                        _sidata = LOADADDR (.data)

.rel.dyn        0x08002108        0x0
 .rel.iplt      0x08002108        0x0 /home/Tushar/.local/share/stm32cube/bundles/gnu-tools-for-stm32/14.3.1+st.2/bin/../lib/gcc/arm-none-eabi/14.3.1/thumb/v7e-m+fp/hard/crtbegin.o

.data           0x20000000      0x548 load address 0x08002108
                0x20000000                        _sdata = .
 *(.data)
 *(.data*)
 .data.__sglue  0x20000000        0xc /home/Tushar/.local/share/stm32cube/bundles/gnu-tools-for-stm32/14.3.1+st.2/bin/../lib/gcc/arm-none-eabi/14.3.1/../../../../arm-none-eabi/lib/thumb/v7e-m+fp/hard/libc.a(libc_a-findfp.o)
                0x20000000                __sglue
 .data._impure_ptr
                0x2000000c        0x4 /home/Tushar/.local/share/stm32cube/bundles/gnu-tools-for-stm32/14.3.1+st.2/bin/../lib/gcc/arm-none-eabi/14.3.1/../../../../arm-none-eabi/lib/thumb/v7e-m+fp/hard/libc.a(libc_a-impure.o)
                0x2000000c                _impure_ptr
 .data._impure_data
                0x20000010      0x120 /home/Tushar/.local/share/stm32cube/bundles/gnu-tools-for-stm32/14.3.1+st.2/bin/../lib/gcc/arm-none-eabi/14.3.1/../../../../arm-none-eabi/lib/thumb/v7e-m+fp/hard/libc.a(libc_a-impure.o)
                0x20000010                _impure_data
 .data.__atexit_recursive_mutex
                0x20000130        0x4 /home/Tushar/.local/share/stm32cube/bundles/gnu-tools-for-stm32/14.3.1+st.2/bin/../lib/gcc/arm-none-eabi/14.3.1/../../../../arm-none-eabi/lib/thumb/v7e-m+fp/hard/libc.a(libc_a-__call_atexit.o)
                0x20000130                __atexit_recursive_mutex
 .data.__malloc_sbrk_base
                0x20000134        0x4 /home/Tushar/.local/share/stm32cube/bundles/gnu-tools-for-stm32/14.3.1+st.2/bin/../lib/gcc/arm-none-eabi/14.3.1/../../../../arm-none-eabi/lib/thumb/v7e-m+fp/hard/libc.a(libc_a-mallocr.o)
                0x20000134                __malloc_sbrk_base
 .data.__malloc_trim_threshold
                0x20000138        0x4 /home/Tushar/.local/share/stm32cube/bundles/gnu-tools-for-stm32/14.3.1+st.2/bin/../lib/gcc/arm-none-eabi/14.3.1/../../../../arm-none-eabi/lib/thumb/v7e-m+fp/hard/libc.a(libc_a-mallocr.o)
                0x20000138                __malloc_trim_threshold
 *fill*         0x2000013c        0x4 
 .data.__malloc_av_
                0x20000140      0x408 /home/Tushar/.local/share/stm32cube/bundles/gnu-tools-for-stm32/14.3.1+st.2/bin/../lib/gcc/arm-none-eabi/14.3.1/../../../../arm-none-eabi/lib/thumb/v7e-m+fp/hard/libc.a(libc_a-mallocr.o)
                0x20000140                __malloc_av_
 *(.RamFunc)
 *(.RamFunc*)
                0x20000548                        . = ALIGN (0x4)

.igot.plt       0x20000548        0x0 load address 0x08002650
 .igot.plt      0x20000548        0x0 /home/Tushar/.local/share/stm32cube/bundles/gnu-tools-for-stm32/14.3.1+st.2/bin/../lib/gcc/arm-none-eabi/14.3.1/thumb/v7e-m+fp/hard/crtbegin.o

.tdata          0x20000548        0x0 load address 0x08002650
 *(.tdata .tdata.* .gnu.linkonce.td.*)
                0x20000548                        . = ALIGN (0x4)
                0x20000548                        _edata = .
                [!provide]                        PROVIDE (__data_end = .)
                [!provide]                        PROVIDE (__tdata_end = .)
                [!provide]                        PROVIDE (__tdata_start = ADDR (.tdata))
                [!provide]                        PROVIDE (__tdata_size = (__tdata_end - __tdata_start))
                [!provide]                        PROVIDE (__data_start = ADDR (.data))
                [!provide]                        PROVIDE (__data_size = (__data_end - __data_start))
                [!provide]                        PROVIDE (__tdata_source = LOADADDR (.tdata))
                [!provide]                        PROVIDE (__tdata_source_end = (LOADADDR (.tdata) + SIZEOF (.tdata)))
                [!provide]                        PROVIDE (__tdata_source_size = (__tdata_source_end - __tdata_source))
                [!provide]                        PROVIDE (__data_source = LOADADDR (.data))
                [!provide]                        PROVIDE (__data_source_end = __tdata_source_end)
                [!provide]                        PROVIDE (__data_source_size = (__data_source_end - __data_source))

.tbss           0x20000548        0x0 load address 0x08002650
                0x20000548                        _sbss = .
                0x20000548                        __bss_start__ = _sbss
                [!provide]                        PROVIDE (__bss_start = .)
 *(.tbss .tbss.*)
                0x20000548                        . = ALIGN (0x4)
                [!provide]                        PROVIDE (__tbss_end = .)
                [!provide]                        PROVIDE (__tbss_start = ADDR (.tbss))
                [!provide]                        PROVIDE (__tbss_size = (__tbss_end - __tbss_start))
                [!provide]                        PROVIDE (__tbss_offset = (ADDR (.tbss) - ADDR (.tdata)))
                [!provide]                        PROVIDE (__tls_base = __tdata_start)
                [!provide]                        PROVIDE (__tls_end = __tbss_end)
                [!provide]                        PROVIDE (__tls_size = (__tls_end - __tls_base))
                [!provide]                        PROVIDE (__tls_align = MAX (ALIGNOF (.tdata), ALIGNOF (.tbss)))
                [!provide]                        PROVIDE (__tls_size_align = (((__tls_size + __tls_align) - 0x1) & ~ ((__tls_align - 0x1))))
                [!provide]                        PROVIDE (__arm32_tls_tcb_offset = MAX (0x8, __tls_align))
                [!provide]                        PROVIDE (__arm64_tls_tcb_offset = MAX (0x10, __tls_align))

.bss            0x20000548      0x334 load address 0x08002650
 *(.bss)
 .bss           0x20000548       0x1c /home/Tushar/.local/share/stm32cube/bundles/gnu-tools-for-stm32/14.3.1+st.2/bin/../lib/gcc/arm-none-eabi/14.3.1/thumb/v7e-m+fp/hard/crtbegin.o
 *(.bss*)
 .bss.__sf      0x20000564      0x138 /home/Tushar/.local/share/stm32cube/bundles/gnu-tools-for-stm32/14.3.1+st.2/bin/../lib/gcc/arm-none-eabi/14.3.1/../../../../arm-none-eabi/lib/thumb/v7e-m+fp/hard/libc.a(libc_a-findfp.o)
                0x20000564                __sf
 .bss.__stdio_exit_handler
                0x2000069c        0x4 /home/Tushar/.local/share/stm32cube/bundles/gnu-tools-for-stm32/14.3.1+st.2/bin/../lib/gcc/arm-none-eabi/14.3.1/../../../../arm-none-eabi/lib/thumb/v7e-m+fp/hard/libc.a(libc_a-findfp.o)
                0x2000069c                __stdio_exit_handler
 .bss.errno     0x200006a0        0x4 /home/Tushar/.local/share/stm32cube/bundles/gnu-tools-for-stm32/14.3.1+st.2/bin/../lib/gcc/arm-none-eabi/14.3.1/../../../../arm-none-eabi/lib/thumb/v7e-m+fp/hard/libc.a(libc_a-reent.o)
                0x200006a0                errno
 .bss.__lock___malloc_recursive_mutex
                0x200006a4        0x1 /home/Tushar/.local/share/stm32cube/bundles/gnu-tools-for-stm32/14.3.1+st.2/bin/../lib/gcc/arm-none-eabi/14.3.1/../../../../arm-none-eabi/lib/thumb/v7e-m+fp/hard/libc.a(libc_a-lock.o)
                0x200006a4                __lock___malloc_recursive_mutex
 *fill*         0x200006a5        0x3 
 .bss.__lock___atexit_recursive_mutex
                0x200006a8        0x1 /home/Tushar/.local/share/stm32cube/bundles/gnu-tools-for-stm32/14.3.1+st.2/bin/../lib/gcc/arm-none-eabi/14.3.1/../../../../arm-none-eabi/lib/thumb/v7e-m+fp/hard/libc.a(libc_a-lock.o)
                0x200006a8                __lock___atexit_recursive_mutex
 *fill*         0x200006a9        0x3 
 .bss.__lock___sfp_recursive_mutex
                0x200006ac        0x1 /home/Tushar/.local/share/stm32cube/bundles/gnu-tools-for-stm32/14.3.1+st.2/bin/../lib/gcc/arm-none-eabi/14.3.1/../../../../arm-none-eabi/lib/thumb/v7e-m+fp/hard/libc.a(libc_a-lock.o)
                0x200006ac                __lock___sfp_recursive_mutex
 *fill*         0x200006ad        0x3 
 .bss.__atexit  0x200006b0        0x4 /home/Tushar/.local/share/stm32cube/bundles/gnu-tools-for-stm32/14.3.1+st.2/bin/../lib/gcc/arm-none-eabi/14.3.1/../../../../arm-none-eabi/lib/thumb/v7e-m+fp/hard/libc.a(libc_a-__call_atexit.o)
                0x200006b0                __atexit
 .bss.__malloc_current_mallinfo
                0x200006b4       0x28 /home/Tushar/.local/share/stm32cube/bundles/gnu-tools-for-stm32/14.3.1+st.2/bin/../lib/gcc/arm-none-eabi/14.3.1/../../../../arm-none-eabi/lib/thumb/v7e-m+fp/hard/libc.a(libc_a-mallocr.o)
                0x200006b4                __malloc_current_mallinfo
 .bss.__malloc_max_total_mem
                0x200006dc        0x4 /home/Tushar/.local/share/stm32cube/bundles/gnu-tools-for-stm32/14.3.1+st.2/bin/../lib/gcc/arm-none-eabi/14.3.1/../../../../arm-none-eabi/lib/thumb/v7e-m+fp/hard/libc.a(libc_a-mallocr.o)
                0x200006dc                __malloc_max_total_mem
 .bss.__malloc_max_sbrked_mem
                0x200006e0        0x4 /home/Tushar/.local/share/stm32cube/bundles/gnu-tools-for-stm32/14.3.1+st.2/bin/../lib/gcc/arm-none-eabi/14.3.1/../../../../arm-none-eabi/lib/thumb/v7e-m+fp/hard/libc.a(libc_a-mallocr.o)
                0x200006e0                __malloc_max_sbrked_mem
 .bss.__malloc_top_pad
                0x200006e4        0x4 /home/Tushar/.local/share/stm32cube/bundles/gnu-tools-for-stm32/14.3.1+st.2/bin/../lib/gcc/arm-none-eabi/14.3.1/../../../../arm-none-eabi/lib/thumb/v7e-m+fp/hard/libc.a(libc_a-mallocr.o)
                0x200006e4                __malloc_top_pad
 .bss.__atexit0
                0x200006e8      0x190 /home/Tushar/.local/share/stm32cube/bundles/gnu-tools-for-stm32/14.3.1+st.2/bin/../lib/gcc/arm-none-eabi/14.3.1/../../../../arm-none-eabi/lib/thumb/v7e-m+fp/hard/libc.a(libc_a-__atexit.o)
                0x200006e8                __atexit0
 .bss.__sbrk_heap_end
                0x20000878        0x4 CMakeFiles/learn_project_1.dir/Src/sysmem.c.obj
 *(COMMON)
                0x2000087c                        . = ALIGN (0x4)
                0x2000087c                        _ebss = .
                0x2000087c                        __bss_end__ = _ebss
                [!provide]                        PROVIDE (__bss_end = .)
                [!provide]                        PROVIDE (__bss_size = (__bss_end - __bss_start))
                [!provide]                        PROVIDE (__non_tls_bss_start = ADDR (.bss))

._user_heap_stack
                0x2000087c      0x604 load address 0x08002650
                0x20000880                        . = ALIGN (0x8)
 *fill*         0x2000087c        0x4 
                [!provide]                        PROVIDE (end = .)
                0x20000880                        PROVIDE (_end = .)
                0x20000a80                        . = (. + _Min_Heap_Size)
 *fill*         0x20000880      0x200 
                0x20000e80                        . = (. + _Min_Stack_Size)
 *fill*         0x20000a80      0x400 
                0x20000e80                        . = ALIGN (0x8)

/DISCARD/
 libc.a:*(*)
 libm.a:*(*)
 libgcc.a:*(*)

.ARM.attributes
                0x00000000       0x30
 *(.ARM.attributes)
 .ARM.attributes
                0x00000000       0x22 /home/Tushar/.local/share/stm32cube/bundles/gnu-tools-for-stm32/14.3.1+st.2/bin/../lib/gcc/arm-none-eabi/14.3.1/thumb/v7e-m+fp/hard/crti.o
 .ARM.attributes
                0x00000022       0x34 /home/Tushar/.local/share/stm32cube/bundles/gnu-tools-for-stm32/14.3.1+st.2/bin/../lib/gcc/arm-none-eabi/14.3.1/thumb/v7e-m+fp/hard/crtbegin.o
 .ARM.attributes
                0x00000056       0x34 /home/Tushar/.local/share/stm32cube/bundles/gnu-tools-for-stm32/14.3.1+st.2/bin/../lib/gcc/arm-none-eabi/14.3.1/../../../../arm-none-eabi/lib/thumb/v7e-m+fp/hard/libc.a(libc_a-findfp.o)
 .ARM.attributes
                0x0000008a       0x34 /home/Tushar/.local/share/stm32cube/bundles/gnu-tools-for-stm32/14.3.1+st.2/bin/../lib/gcc/arm-none-eabi/14.3.1/../../../../arm-none-eabi/lib/thumb/v7e-m+fp/hard/libc.a(libc_a-fwalk.o)
 .ARM.attributes
                0x000000be       0x34 /home/Tushar/.local/share/stm32cube/bundles/gnu-tools-for-stm32/14.3.1+st.2/bin/../lib/gcc/arm-none-eabi/14.3.1/../../../../arm-none-eabi/lib/thumb/v7e-m+fp/hard/libc.a(libc_a-stdio.o)
 .ARM.attributes
                0x000000f2       0x34 /home/Tushar/.local/share/stm32cube/bundles/gnu-tools-for-stm32/14.3.1+st.2/bin/../lib/gcc/arm-none-eabi/14.3.1/../../../../arm-none-eabi/lib/thumb/v7e-m+fp/hard/libc.a(libc_a-memset.o)
 .ARM.attributes
                0x00000126       0x34 /home/Tushar/.local/share/stm32cube/bundles/gnu-tools-for-stm32/14.3.1+st.2/bin/../lib/gcc/arm-none-eabi/14.3.1/../../../../arm-none-eabi/lib/thumb/v7e-m+fp/hard/libc.a(libc_a-closer.o)
 .ARM.attributes
                0x0000015a       0x34 /home/Tushar/.local/share/stm32cube/bundles/gnu-tools-for-stm32/14.3.1+st.2/bin/../lib/gcc/arm-none-eabi/14.3.1/../../../../arm-none-eabi/lib/thumb/v7e-m+fp/hard/libc.a(libc_a-reent.o)
 .ARM.attributes
                0x0000018e       0x34 /home/Tushar/.local/share/stm32cube/bundles/gnu-tools-for-stm32/14.3.1+st.2/bin/../lib/gcc/arm-none-eabi/14.3.1/../../../../arm-none-eabi/lib/thumb/v7e-m+fp/hard/libc.a(libc_a-impure.o)
 .ARM.attributes
                0x000001c2       0x34 /home/Tushar/.local/share/stm32cube/bundles/gnu-tools-for-stm32/14.3.1+st.2/bin/../lib/gcc/arm-none-eabi/14.3.1/../../../../arm-none-eabi/lib/thumb/v7e-m+fp/hard/libc.a(libc_a-lseekr.o)
 .ARM.attributes
                0x000001f6       0x34 /home/Tushar/.local/share/stm32cube/bundles/gnu-tools-for-stm32/14.3.1+st.2/bin/../lib/gcc/arm-none-eabi/14.3.1/../../../../arm-none-eabi/lib/thumb/v7e-m+fp/hard/libc.a(libc_a-readr.o)
 .ARM.attributes
                0x0000022a       0x34 /home/Tushar/.local/share/stm32cube/bundles/gnu-tools-for-stm32/14.3.1+st.2/bin/../lib/gcc/arm-none-eabi/14.3.1/../../../../arm-none-eabi/lib/thumb/v7e-m+fp/hard/libc.a(libc_a-writer.o)
 .ARM.attributes
                0x0000025e       0x34 /home/Tushar/.local/share/stm32cube/bundles/gnu-tools-for-stm32/14.3.1+st.2/bin/../lib/gcc/arm-none-eabi/14.3.1/../../../../arm-none-eabi/lib/thumb/v7e-m+fp/hard/libc.a(libc_a-init.o)
 .ARM.attributes
                0x00000292       0x34 /home/Tushar/.local/share/stm32cube/bundles/gnu-tools-for-stm32/14.3.1+st.2/bin/../lib/gcc/arm-none-eabi/14.3.1/../../../../arm-none-eabi/lib/thumb/v7e-m+fp/hard/libc.a(libc_a-lock.o)
 .ARM.attributes
                0x000002c6       0x34 /home/Tushar/.local/share/stm32cube/bundles/gnu-tools-for-stm32/14.3.1+st.2/bin/../lib/gcc/arm-none-eabi/14.3.1/../../../../arm-none-eabi/lib/thumb/v7e-m+fp/hard/libc.a(libc_a-__call_atexit.o)
 .ARM.attributes
                0x000002fa       0x34 /home/Tushar/.local/share/stm32cube/bundles/gnu-tools-for-stm32/14.3.1+st.2/bin/../lib/gcc/arm-none-eabi/14.3.1/../../../../arm-none-eabi/lib/thumb/v7e-m+fp/hard/libc.a(libc_a-atexit.o)
 .ARM.attributes
                0x0000032e       0x34 /home/Tushar/.local/share/stm32cube/bundles/gnu-tools-for-stm32/14.3.1+st.2/bin/../lib/gcc/arm-none-eabi/14.3.1/../../../../arm-none-eabi/lib/thumb/v7e-m+fp/hard/libc.a(libc_a-freer.o)
 .ARM.attributes
                0x00000362       0x34 /home/Tushar/.local/share/stm32cube/bundles/gnu-tools-for-stm32/14.3.1+st.2/bin/../lib/gcc/arm-none-eabi/14.3.1/../../../../arm-none-eabi/lib/thumb/v7e-m+fp/hard/libc.a(libc_a-mallocr.o)
 .ARM.attributes
                0x00000396       0x34 /home/Tushar/.local/share/stm32cube/bundles/gnu-tools-for-stm32/14.3.1+st.2/bin/../lib/gcc/arm-none-eabi/14.3.1/../../../../arm-none-eabi/lib/thumb/v7e-m+fp/hard/libc.a(libc_a-mlock.o)
 .ARM.attributes
                0x000003ca       0x34 /home/Tushar/.local/share/stm32cube/bundles/gnu-tools-for-stm32/14.3.1+st.2/bin/../lib/gcc/arm-none-eabi/14.3.1/../../../../arm-none-eabi/lib/thumb/v7e-m+fp/hard/libc.a(libc_a-fclose.o)
 .ARM.attributes
                0x000003fe       0x34 /home/Tushar/.local/share/stm32cube/bundles/gnu-tools-for-stm32/14.3.1+st.2/bin/../lib/gcc/arm-none-eabi/14.3.1/../../../../arm-none-eabi/lib/thumb/v7e-m+fp/hard/libc.a(libc_a-fflush.o)
 .ARM.attributes
                0x00000432       0x34 /home/Tushar/.local/share/stm32cube/bundles/gnu-tools-for-stm32/14.3.1+st.2/bin/../lib/gcc/arm-none-eabi/14.3.1/../../../../arm-none-eabi/lib/thumb/v7e-m+fp/hard/libc.a(libc_a-sbrkr.o)
 .ARM.attributes
                0x00000466       0x34 /home/Tushar/.local/share/stm32cube/bundles/gnu-tools-for-stm32/14.3.1+st.2/bin/../lib/gcc/arm-none-eabi/14.3.1/../../../../arm-none-eabi/lib/thumb/v7e-m+fp/hard/libc.a(libc_a-fini.o)
 .ARM.attributes
                0x0000049a       0x34 /home/Tushar/.local/share/stm32cube/bundles/gnu-tools-for-stm32/14.3.1+st.2/bin/../lib/gcc/arm-none-eabi/14.3.1/../../../../arm-none-eabi/lib/thumb/v7e-m+fp/hard/libc.a(libc_a-sysconf.o)
 .ARM.attributes
                0x000004ce       0x34 /home/Tushar/.local/share/stm32cube/bundles/gnu-tools-for-stm32/14.3.1+st.2/bin/../lib/gcc/arm-none-eabi/14.3.1/../../../../arm-none-eabi/lib/thumb/v7e-m+fp/hard/libc.a(libc_a-__atexit.o)
 .ARM.attributes
                0x00000502       0x34 /home/Tushar/.local/share/stm32cube/bundles/gnu-tools-for-stm32/14.3.1+st.2/bin/../lib/gcc/arm-none-eabi/14.3.1/../../../../arm-none-eabi/lib/thumb/v7e-m+fp/hard/libc.a(libc_a-errno.o)
 .ARM.attributes
                0x00000536       0x34 CMakeFiles/learn_project_1.dir/Src/syscall.c.obj
 .ARM.attributes
                0x0000056a       0x34 CMakeFiles/learn_project_1.dir/Src/sysmem.c.obj
 .ARM.attributes
                0x0000059e       0x34 CMakeFiles/learn_project_1.dir/Src/main.c.obj
 .ARM.attributes
                0x000005d2       0x21 CMakeFiles/learn_project_1.dir/Src/startup_stm32f401xx.S.obj
 .ARM.attributes
                0x000005f3       0x34 /home/Tushar/.local/share/stm32cube/bundles/gnu-tools-for-stm32/14.3.1+st.2/bin/../lib/gcc/arm-none-eabi/14.3.1/../../../../arm-none-eabi/lib/thumb/v7e-m+fp/hard/libc.a(libc_a-puts.o)
 .ARM.attributes
                0x00000627       0x1c /home/Tushar/.local/share/stm32cube/bundles/gnu-tools-for-stm32/14.3.1+st.2/bin/../lib/gcc/arm-none-eabi/14.3.1/../../../../arm-none-eabi/lib/thumb/v7e-m+fp/hard/libc.a(libc_a-strlen.o)
 .ARM.attributes
                0x00000643       0x34 /home/Tushar/.local/share/stm32cube/bundles/gnu-tools-for-stm32/14.3.1+st.2/bin/../lib/gcc/arm-none-eabi/14.3.1/../../../../arm-none-eabi/lib/thumb/v7e-m+fp/hard/libc.a(libc_a-fvwrite.o)
 .ARM.attributes
                0x00000677       0x34 /home/Tushar/.local/share/stm32cube/bundles/gnu-tools-for-stm32/14.3.1+st.2/bin/../lib/gcc/arm-none-eabi/14.3.1/../../../../arm-none-eabi/lib/thumb/v7e-m+fp/hard/libc.a(libc_a-wsetup.o)
 .ARM.attributes
                0x000006ab       0x34 /home/Tushar/.local/share/stm32cube/bundles/gnu-tools-for-stm32/14.3.1+st.2/bin/../lib/gcc/arm-none-eabi/14.3.1/../../../../arm-none-eabi/lib/thumb/v7e-m+fp/hard/libc.a(libc_a-memmove.o)
 .ARM.attributes
                0x000006df       0x1c /home/Tushar/.local/share/stm32cube/bundles/gnu-tools-for-stm32/14.3.1+st.2/bin/../lib/gcc/arm-none-eabi/14.3.1/../../../../arm-none-eabi/lib/thumb/v7e-m+fp/hard/libc.a(libc_a-memchr.o)
 .ARM.attributes
                0x000006fb       0x20 /home/Tushar/.local/share/stm32cube/bundles/gnu-tools-for-stm32/14.3.1+st.2/bin/../lib/gcc/arm-none-eabi/14.3.1/../../../../arm-none-eabi/lib/thumb/v7e-m+fp/hard/libc.a(libc_a-memcpy.o)
 .ARM.attributes
                0x0000071b       0x34 /home/Tushar/.local/share/stm32cube/bundles/gnu-tools-for-stm32/14.3.1+st.2/bin/../lib/gcc/arm-none-eabi/14.3.1/../../../../arm-none-eabi/lib/thumb/v7e-m+fp/hard/libc.a(libc_a-reallocr.o)
 .ARM.attributes
                0x0000074f       0x34 /home/Tushar/.local/share/stm32cube/bundles/gnu-tools-for-stm32/14.3.1+st.2/bin/../lib/gcc/arm-none-eabi/14.3.1/../../../../arm-none-eabi/lib/thumb/v7e-m+fp/hard/libc.a(libc_a-makebuf.o)
 .ARM.attributes
                0x00000783       0x34 /home/Tushar/.local/share/stm32cube/bundles/gnu-tools-for-stm32/14.3.1+st.2/bin/../lib/gcc/arm-none-eabi/14.3.1/../../../../arm-none-eabi/lib/thumb/v7e-m+fp/hard/libc.a(libc_a-fstatr.o)
 .ARM.attributes
                0x000007b7       0x34 /home/Tushar/.local/share/stm32cube/bundles/gnu-tools-for-stm32/14.3.1+st.2/bin/../lib/gcc/arm-none-eabi/14.3.1/../../../../arm-none-eabi/lib/thumb/v7e-m+fp/hard/libc.a(libc_a-isattyr.o)
 .ARM.attributes
                0x000007eb       0x22 /home/Tushar/.local/share/stm32cube/bundles/gnu-tools-for-stm32/14.3.1+st.2/bin/../lib/gcc/arm-none-eabi/14.3.1/thumb/v7e-m+fp/hard/crtn.o
OUTPUT(learn_project_1.elf elf32-littlearm)
LOAD linker stubs

.debug_frame    0x00000000      0xcb8
 .debug_frame   0x00000000      0x13c /home/Tushar/.local/share/stm32cube/bundles/gnu-tools-for-stm32/14.3.1+st.2/bin/../lib/gcc/arm-none-eabi/14.3.1/../../../../arm-none-eabi/lib/thumb/v7e-m+fp/hard/libc.a(libc_a-findfp.o)
 .debug_frame   0x0000013c       0x34 /home/Tushar/.local/share/stm32cube/bundles/gnu-tools-for-stm32/14.3.1+st.2/bin/../lib/gcc/arm-none-eabi/14.3.1/../../../../arm-none-eabi/lib/thumb/v7e-m+fp/hard/libc.a(libc_a-fwalk.o)
 .debug_frame   0x00000170       0x8c /home/Tushar/.local/share/stm32cube/bundles/gnu-tools-for-stm32/14.3.1+st.2/bin/../lib/gcc/arm-none-eabi/14.3.1/../../../../arm-none-eabi/lib/thumb/v7e-m+fp/hard/libc.a(libc_a-stdio.o)
 .debug_frame   0x000001fc       0x2c /home/Tushar/.local/share/stm32cube/bundles/gnu-tools-for-stm32/14.3.1+st.2/bin/../lib/gcc/arm-none-eabi/14.3.1/../../../../arm-none-eabi/lib/thumb/v7e-m+fp/hard/libc.a(libc_a-memset.o)
 .debug_frame   0x00000228       0x2c /home/Tushar/.local/share/stm32cube/bundles/gnu-tools-for-stm32/14.3.1+st.2/bin/../lib/gcc/arm-none-eabi/14.3.1/../../../../arm-none-eabi/lib/thumb/v7e-m+fp/hard/libc.a(libc_a-closer.o)
 .debug_frame   0x00000254       0x3c /home/Tushar/.local/share/stm32cube/bundles/gnu-tools-for-stm32/14.3.1+st.2/bin/../lib/gcc/arm-none-eabi/14.3.1/../../../../arm-none-eabi/lib/thumb/v7e-m+fp/hard/libc.a(libc_a-reent.o)
 .debug_frame   0x00000290       0x2c /home/Tushar/.local/share/stm32cube/bundles/gnu-tools-for-stm32/14.3.1+st.2/bin/../lib/gcc/arm-none-eabi/14.3.1/../../../../arm-none-eabi/lib/thumb/v7e-m+fp/hard/libc.a(libc_a-lseekr.o)
 .debug_frame   0x000002bc       0x2c /home/Tushar/.local/share/stm32cube/bundles/gnu-tools-for-stm32/14.3.1+st.2/bin/../lib/gcc/arm-none-eabi/14.3.1/../../../../arm-none-eabi/lib/thumb/v7e-m+fp/hard/libc.a(libc_a-readr.o)
 .debug_frame   0x000002e8       0x2c /home/Tushar/.local/share/stm32cube/bundles/gnu-tools-for-stm32/14.3.1+st.2/bin/../lib/gcc/arm-none-eabi/14.3.1/../../../../arm-none-eabi/lib/thumb/v7e-m+fp/hard/libc.a(libc_a-writer.o)
 .debug_frame   0x00000314       0x2c /home/Tushar/.local/share/stm32cube/bundles/gnu-tools-for-stm32/14.3.1+st.2/bin/../lib/gcc/arm-none-eabi/14.3.1/../../../../arm-none-eabi/lib/thumb/v7e-m+fp/hard/libc.a(libc_a-init.o)
 .debug_frame   0x00000340       0xb0 /home/Tushar/.local/share/stm32cube/bundles/gnu-tools-for-stm32/14.3.1+st.2/bin/../lib/gcc/arm-none-eabi/14.3.1/../../../../arm-none-eabi/lib/thumb/v7e-m+fp/hard/libc.a(libc_a-lock.o)
 .debug_frame   0x000003f0       0x5c /home/Tushar/.local/share/stm32cube/bundles/gnu-tools-for-stm32/14.3.1+st.2/bin/../lib/gcc/arm-none-eabi/14.3.1/../../../../arm-none-eabi/lib/thumb/v7e-m+fp/hard/libc.a(libc_a-__call_atexit.o)
 .debug_frame   0x0000044c       0x20 /home/Tushar/.local/share/stm32cube/bundles/gnu-tools-for-stm32/14.3.1+st.2/bin/../lib/gcc/arm-none-eabi/14.3.1/../../../../arm-none-eabi/lib/thumb/v7e-m+fp/hard/libc.a(libc_a-atexit.o)
 .debug_frame   0x0000046c       0x84 /home/Tushar/.local/share/stm32cube/bundles/gnu-tools-for-stm32/14.3.1+st.2/bin/../lib/gcc/arm-none-eabi/14.3.1/../../../../arm-none-eabi/lib/thumb/v7e-m+fp/hard/libc.a(libc_a-freer.o)
 .debug_frame   0x000004f0       0x4c /home/Tushar/.local/share/stm32cube/bundles/gnu-tools-for-stm32/14.3.1+st.2/bin/../lib/gcc/arm-none-eabi/14.3.1/../../../../arm-none-eabi/lib/thumb/v7e-m+fp/hard/libc.a(libc_a-mallocr.o)
 .debug_frame   0x0000053c       0x30 /home/Tushar/.local/share/stm32cube/bundles/gnu-tools-for-stm32/14.3.1+st.2/bin/../lib/gcc/arm-none-eabi/14.3.1/../../../../arm-none-eabi/lib/thumb/v7e-m+fp/hard/libc.a(libc_a-mlock.o)
 .debug_frame   0x0000056c       0x3c /home/Tushar/.local/share/stm32cube/bundles/gnu-tools-for-stm32/14.3.1+st.2/bin/../lib/gcc/arm-none-eabi/14.3.1/../../../../arm-none-eabi/lib/thumb/v7e-m+fp/hard/libc.a(libc_a-fclose.o)
 .debug_frame   0x000005a8       0x70 /home/Tushar/.local/share/stm32cube/bundles/gnu-tools-for-stm32/14.3.1+st.2/bin/../lib/gcc/arm-none-eabi/14.3.1/../../../../arm-none-eabi/lib/thumb/v7e-m+fp/hard/libc.a(libc_a-fflush.o)
 .debug_frame   0x00000618       0x2c /home/Tushar/.local/share/stm32cube/bundles/gnu-tools-for-stm32/14.3.1+st.2/bin/../lib/gcc/arm-none-eabi/14.3.1/../../../../arm-none-eabi/lib/thumb/v7e-m+fp/hard/libc.a(libc_a-sbrkr.o)
 .debug_frame   0x00000644       0x34 /home/Tushar/.local/share/stm32cube/bundles/gnu-tools-for-stm32/14.3.1+st.2/bin/../lib/gcc/arm-none-eabi/14.3.1/../../../../arm-none-eabi/lib/thumb/v7e-m+fp/hard/libc.a(libc_a-fini.o)
 .debug_frame   0x00000678       0x28 /home/Tushar/.local/share/stm32cube/bundles/gnu-tools-for-stm32/14.3.1+st.2/bin/../lib/gcc/arm-none-eabi/14.3.1/../../../../arm-none-eabi/lib/thumb/v7e-m+fp/hard/libc.a(libc_a-sysconf.o)
 .debug_frame   0x000006a0       0x34 /home/Tushar/.local/share/stm32cube/bundles/gnu-tools-for-stm32/14.3.1+st.2/bin/../lib/gcc/arm-none-eabi/14.3.1/../../../../arm-none-eabi/lib/thumb/v7e-m+fp/hard/libc.a(libc_a-__atexit.o)
 .debug_frame   0x000006d4       0x20 /home/Tushar/.local/share/stm32cube/bundles/gnu-tools-for-stm32/14.3.1+st.2/bin/../lib/gcc/arm-none-eabi/14.3.1/../../../../arm-none-eabi/lib/thumb/v7e-m+fp/hard/libc.a(libc_a-errno.o)
 .debug_frame   0x000006f4      0x2ac CMakeFiles/learn_project_1.dir/Src/syscall.c.obj
 .debug_frame   0x000009a0       0x34 CMakeFiles/learn_project_1.dir/Src/sysmem.c.obj
 .debug_frame   0x000009d4       0x2c CMakeFiles/learn_project_1.dir/Src/main.c.obj
 .debug_frame   0x00000a00       0x4c /home/Tushar/.local/share/stm32cube/bundles/gnu-tools-for-stm32/14.3.1+st.2/bin/../lib/gcc/arm-none-eabi/14.3.1/../../../../arm-none-eabi/lib/thumb/v7e-m+fp/hard/libc.a(libc_a-puts.o)
 .debug_frame   0x00000a4c       0x30 /home/Tushar/.local/share/stm32cube/bundles/gnu-tools-for-stm32/14.3.1+st.2/bin/../lib/gcc/arm-none-eabi/14.3.1/../../../../arm-none-eabi/lib/thumb/v7e-m+fp/hard/libc.a(libc_a-strlen.o)
 .debug_frame   0x00000a7c       0x60 /home/Tushar/.local/share/stm32cube/bundles/gnu-tools-for-stm32/14.3.1+st.2/bin/../lib/gcc/arm-none-eabi/14.3.1/../../../../arm-none-eabi/lib/thumb/v7e-m+fp/hard/libc.a(libc_a-fvwrite.o)
 .debug_frame   0x00000adc       0x2c /home/Tushar/.local/share/stm32cube/bundles/gnu-tools-for-stm32/14.3.1+st.2/bin/../lib/gcc/arm-none-eabi/14.3.1/../../../../arm-none-eabi/lib/thumb/v7e-m+fp/hard/libc.a(libc_a-wsetup.o)
 .debug_frame   0x00000b08       0x30 /home/Tushar/.local/share/stm32cube/bundles/gnu-tools-for-stm32/14.3.1+st.2/bin/../lib/gcc/arm-none-eabi/14.3.1/../../../../arm-none-eabi/lib/thumb/v7e-m+fp/hard/libc.a(libc_a-memmove.o)
 .debug_frame   0x00000b38       0x4c /home/Tushar/.local/share/stm32cube/bundles/gnu-tools-for-stm32/14.3.1+st.2/bin/../lib/gcc/arm-none-eabi/14.3.1/../../../../arm-none-eabi/lib/thumb/v7e-m+fp/hard/libc.a(libc_a-memchr.o)
 .debug_frame   0x00000b84       0x28 /home/Tushar/.local/share/stm32cube/bundles/gnu-tools-for-stm32/14.3.1+st.2/bin/../lib/gcc/arm-none-eabi/14.3.1/../../../../arm-none-eabi/lib/thumb/v7e-m+fp/hard/libc.a(libc_a-memcpy.o)
 .debug_frame   0x00000bac       0x48 /home/Tushar/.local/share/stm32cube/bundles/gnu-tools-for-stm32/14.3.1+st.2/bin/../lib/gcc/arm-none-eabi/14.3.1/../../../../arm-none-eabi/lib/thumb/v7e-m+fp/hard/libc.a(libc_a-reallocr.o)
 .debug_frame   0x00000bf4       0x6c /home/Tushar/.local/share/stm32cube/bundles/gnu-tools-for-stm32/14.3.1+st.2/bin/../lib/gcc/arm-none-eabi/14.3.1/../../../../arm-none-eabi/lib/thumb/v7e-m+fp/hard/libc.a(libc_a-makebuf.o)
 .debug_frame   0x00000c60       0x2c /home/Tushar/.local/share/stm32cube/bundles/gnu-tools-for-stm32/14.3.1+st.2/bin/../lib/gcc/arm-none-eabi/14.3.1/../../../../arm-none-eabi/lib/thumb/v7e-m+fp/hard/libc.a(libc_a-fstatr.o)
 .debug_frame   0x00000c8c       0x2c /home/Tushar/.local/share/stm32cube/bundles/gnu-tools-for-stm32/14.3.1+st.2/bin/../lib/gcc/arm-none-eabi/14.3.1/../../../../arm-none-eabi/lib/thumb/v7e-m+fp/hard/libc.a(libc_a-isattyr.o)

.debug_info     0x00000000      0x90f
 .debug_info    0x00000000      0x6e2 CMakeFiles/learn_project_1.dir/Src/syscall.c.obj
 .debug_info    0x000006e2      0x168 CMakeFiles/learn_project_1.dir/Src/sysmem.c.obj
 .debug_info    0x0000084a       0x95 CMakeFiles/learn_project_1.dir/Src/main.c.obj
 .debug_info    0x000008df       0x30 CMakeFiles/learn_project_1.dir/Src/startup_stm32f401xx.S.obj

.debug_abbrev   0x00000000      0x2e0
 .debug_abbrev  0x00000000      0x1b9 CMakeFiles/learn_project_1.dir/Src/syscall.c.obj
 .debug_abbrev  0x000001b9       0xbc CMakeFiles/learn_project_1.dir/Src/sysmem.c.obj
 .debug_abbrev  0x00000275       0x47 CMakeFiles/learn_project_1.dir/Src/main.c.obj
 .debug_abbrev  0x000002bc       0x24 CMakeFiles/learn_project_1.dir/Src/startup_stm32f401xx.S.obj

.debug_aranges  0x00000000      0x118
 .debug_aranges
                0x00000000       0xb0 CMakeFiles/learn_project_1.dir/Src/syscall.c.obj
 .debug_aranges
                0x000000b0       0x20 CMakeFiles/learn_project_1.dir/Src/sysmem.c.obj
 .debug_aranges
                0x000000d0       0x20 CMakeFiles/learn_project_1.dir/Src/main.c.obj
 .debug_aranges
                0x000000f0       0x28 CMakeFiles/learn_project_1.dir/Src/startup_stm32f401xx.S.obj

.debug_rnglists
                0x00000000       0xbe
 .debug_rnglists
                0x00000000       0x7f CMakeFiles/learn_project_1.dir/Src/syscall.c.obj
 .debug_rnglists
                0x0000007f       0x13 CMakeFiles/learn_project_1.dir/Src/sysmem.c.obj
 .debug_rnglists
                0x00000092       0x13 CMakeFiles/learn_project_1.dir/Src/main.c.obj
 .debug_rnglists
                0x000000a5       0x19 CMakeFiles/learn_project_1.dir/Src/startup_stm32f401xx.S.obj

.debug_macro    0x00000000     0x2ce5
 .debug_macro   0x00000000      0x277 CMakeFiles/learn_project_1.dir/Src/syscall.c.obj
 .debug_macro   0x00000277      0xad2 CMakeFiles/learn_project_1.dir/Src/syscall.c.obj
 .debug_macro   0x00000d49       0x22 CMakeFiles/learn_project_1.dir/Src/syscall.c.obj
 .debug_macro   0x00000d6b       0x6e CMakeFiles/learn_project_1.dir/Src/syscall.c.obj
 .debug_macro   0x00000dd9       0x2a CMakeFiles/learn_project_1.dir/Src/syscall.c.obj
 .debug_macro   0x00000e03       0x94 CMakeFiles/learn_project_1.dir/Src/syscall.c.obj
 .debug_macro   0x00000e97       0x3c CMakeFiles/learn_project_1.dir/Src/syscall.c.obj
 .debug_macro   0x00000ed3       0x34 CMakeFiles/learn_project_1.dir/Src/syscall.c.obj
 .debug_macro   0x00000f07       0x57 CMakeFiles/learn_project_1.dir/Src/syscall.c.obj
 .debug_macro   0x00000f5e      0x190 CMakeFiles/learn_project_1.dir/Src/syscall.c.obj
 .debug_macro   0x000010ee      0x364 CMakeFiles/learn_project_1.dir/Src/syscall.c.obj
 .debug_macro   0x00001452       0x16 CMakeFiles/learn_project_1.dir/Src/syscall.c.obj
 .debug_macro   0x00001468       0x4a CMakeFiles/learn_project_1.dir/Src/syscall.c.obj
 .debug_macro   0x000014b2       0x34 CMakeFiles/learn_project_1.dir/Src/syscall.c.obj
 .debug_macro   0x000014e6       0x10 CMakeFiles/learn_project_1.dir/Src/syscall.c.obj
 .debug_macro   0x000014f6       0x58 CMakeFiles/learn_project_1.dir/Src/syscall.c.obj
 .debug_macro   0x0000154e      0x1de CMakeFiles/learn_project_1.dir/Src/syscall.c.obj
 .debug_macro   0x0000172c       0x10 CMakeFiles/learn_project_1.dir/Src/syscall.c.obj
 .debug_macro   0x0000173c       0x3c CMakeFiles/learn_project_1.dir/Src/syscall.c.obj
 .debug_macro   0x00001778       0x10 CMakeFiles/learn_project_1.dir/Src/syscall.c.obj
 .debug_macro   0x00001788       0x10 CMakeFiles/learn_project_1.dir/Src/syscall.c.obj
 .debug_macro   0x00001798       0x10 CMakeFiles/learn_project_1.dir/Src/syscall.c.obj
 .debug_macro   0x000017a8       0x6a CMakeFiles/learn_project_1.dir/Src/syscall.c.obj
 .debug_macro   0x00001812       0x1c CMakeFiles/learn_project_1.dir/Src/syscall.c.obj
 .debug_macro   0x0000182e       0x52 CMakeFiles/learn_project_1.dir/Src/syscall.c.obj
 .debug_macro   0x00001880       0x22 CMakeFiles/learn_project_1.dir/Src/syscall.c.obj
 .debug_macro   0x000018a2       0x10 CMakeFiles/learn_project_1.dir/Src/syscall.c.obj
 .debug_macro   0x000018b2       0x52 CMakeFiles/learn_project_1.dir/Src/syscall.c.obj
 .debug_macro   0x00001904       0xcf CMakeFiles/learn_project_1.dir/Src/syscall.c.obj
 .debug_macro   0x000019d3       0x1c CMakeFiles/learn_project_1.dir/Src/syscall.c.obj
 .debug_macro   0x000019ef       0x3d CMakeFiles/learn_project_1.dir/Src/syscall.c.obj
 .debug_macro   0x00001a2c       0x35 CMakeFiles/learn_project_1.dir/Src/syscall.c.obj
 .debug_macro   0x00001a61      0x12c CMakeFiles/learn_project_1.dir/Src/syscall.c.obj
 .debug_macro   0x00001b8d       0x16 CMakeFiles/learn_project_1.dir/Src/syscall.c.obj
 .debug_macro   0x00001ba3       0x16 CMakeFiles/learn_project_1.dir/Src/syscall.c.obj
 .debug_macro   0x00001bb9       0x29 CMakeFiles/learn_project_1.dir/Src/syscall.c.obj
 .debug_macro   0x00001be2       0x10 CMakeFiles/learn_project_1.dir/Src/syscall.c.obj
 .debug_macro   0x00001bf2      0x242 CMakeFiles/learn_project_1.dir/Src/syscall.c.obj
 .debug_macro   0x00001e34       0x1c CMakeFiles/learn_project_1.dir/Src/syscall.c.obj
 .debug_macro   0x00001e50       0x10 CMakeFiles/learn_project_1.dir/Src/syscall.c.obj
 .debug_macro   0x00001e60       0x10 CMakeFiles/learn_project_1.dir/Src/syscall.c.obj
 .debug_macro   0x00001e70       0x16 CMakeFiles/learn_project_1.dir/Src/syscall.c.obj
 .debug_macro   0x00001e86      0x170 CMakeFiles/learn_project_1.dir/Src/syscall.c.obj
 .debug_macro   0x00001ff6      0x103 CMakeFiles/learn_project_1.dir/Src/syscall.c.obj
 .debug_macro   0x000020f9      0x1df CMakeFiles/learn_project_1.dir/Src/syscall.c.obj
 .debug_macro   0x000022d8      0x18a CMakeFiles/learn_project_1.dir/Src/syscall.c.obj
 .debug_macro   0x00002462       0x16 CMakeFiles/learn_project_1.dir/Src/syscall.c.obj
 .debug_macro   0x00002478       0xce CMakeFiles/learn_project_1.dir/Src/syscall.c.obj
 .debug_macro   0x00002546      0x103 CMakeFiles/learn_project_1.dir/Src/sysmem.c.obj
 .debug_macro   0x00002649      0x23c CMakeFiles/learn_project_1.dir/Src/sysmem.c.obj
 .debug_macro   0x00002885      0x131 CMakeFiles/learn_project_1.dir/Src/main.c.obj
 .debug_macro   0x000029b6       0x8e CMakeFiles/learn_project_1.dir/Src/main.c.obj
 .debug_macro   0x00002a44       0x51 CMakeFiles/learn_project_1.dir/Src/main.c.obj
 .debug_macro   0x00002a95       0x74 CMakeFiles/learn_project_1.dir/Src/main.c.obj
 .debug_macro   0x00002b09       0x16 CMakeFiles/learn_project_1.dir/Src/main.c.obj
 .debug_macro   0x00002b1f       0x9e CMakeFiles/learn_project_1.dir/Src/main.c.obj
 .debug_macro   0x00002bbd      0x112 CMakeFiles/learn_project_1.dir/Src/main.c.obj
 .debug_macro   0x00002ccf       0x16 CMakeFiles/learn_project_1.dir/Src/main.c.obj

.debug_line     0x00000000      0xd7d
 .debug_line    0x00000000      0x6a4 CMakeFiles/learn_project_1.dir/Src/syscall.c.obj
 .debug_line    0x000006a4      0x342 CMakeFiles/learn_project_1.dir/Src/sysmem.c.obj
 .debug_line    0x000009e6      0x31c CMakeFiles/learn_project_1.dir/Src/main.c.obj
 .debug_line    0x00000d02       0x7b CMakeFiles/learn_project_1.dir/Src/startup_stm32f401xx.S.obj

.debug_str      0x00000000     0x93af
 .debug_str     0x00000000     0x93af CMakeFiles/learn_project_1.dir/Src/syscall.c.obj
                               0x94b8 (size before relaxing)
 .debug_str     0x000093af     0x7110 CMakeFiles/learn_project_1.dir/Src/sysmem.c.obj
 .debug_str     0x000093af     0x72e8 CMakeFiles/learn_project_1.dir/Src/main.c.obj
 .debug_str     0x000093af       0xbc CMakeFiles/learn_project_1.dir/Src/startup_stm32f401xx.S.obj

.comment        0x00000000       0x43
 .comment       0x00000000       0x43 CMakeFiles/learn_project_1.dir/Src/syscall.c.obj
                                 0x44 (size before relaxing)
 .comment       0x00000043       0x44 CMakeFiles/learn_project_1.dir/Src/sysmem.c.obj
 .comment       0x00000043       0x44 CMakeFiles/learn_project_1.dir/Src/main.c.obj

.debug_line_str
                0x00000000       0xa0
 .debug_line_str
                0x00000000       0xa0 CMakeFiles/learn_project_1.dir/Src/startup_stm32f401xx.S.obj
