/home/Tushar/experiment_and_learning_sandbox/stm32_store_room/stm32-SVC-lab/Src/stm32f4xx_it.c:4:6:NMI_Handler	4	static
/home/Tushar/experiment_and_learning_sandbox/stm32_store_room/stm32-SVC-lab/Src/stm32f4xx_it.c:11:6:HardFault_Handler	4	static
/home/Tushar/experiment_and_learning_sandbox/stm32_store_room/stm32-SVC-lab/Src/stm32f4xx_it.c:18:6:MemManage_Handler	4	static
/home/Tushar/experiment_and_learning_sandbox/stm32_store_room/stm32-SVC-lab/Src/stm32f4xx_it.c:25:6:BusFault_Handler	4	static
/home/Tushar/experiment_and_learning_sandbox/stm32_store_room/stm32-SVC-lab/Src/stm32f4xx_it.c:32:6:UsageFault_Handler	4	static
/home/Tushar/experiment_and_learning_sandbox/stm32_store_room/stm32-SVC-lab/Src/stm32f4xx_it.c:39:6:DebugMon_Handler	4	static
/home/Tushar/experiment_and_learning_sandbox/stm32_store_room/stm32-SVC-lab/Src/stm32f4xx_it.c:43:6:PendSV_Handler	4	static
/home/Tushar/experiment_and_learning_sandbox/stm32_store_room/stm32-SVC-lab/Src/stm32f4xx_it.c:47:6:SysTick_Handler	8	static
